=== 健康检查 ===

ERROR: [WinError 10061] 由于目标计算机积极拒绝，无法连接。